OK
OK
OK
OK
OK
OK
OK
OK
OK
OK
OK
OK
OK
OK
Permission Denied
Not Found
