OK
OK
OK
OK
OK
OK
OK
OK
OK
OK
OK
OK
OK
OK
OK
OK
1 Advanced Programming 60 khousravi Saturday:14-16 1403/4/3 5
1 khousravi "next session"
1 Advanced Programming: New Course Post
810203542 rahami: New Course Offering
810201475 khousravi: New Course Offering
OK
