OK
OK
OK
OK
OK
OK
OK
OK
OK
OK
OK
OK
OK
OK
OK
OK
Permission Denied
810201475 khousravi: New Form
810201475 khousravi: New Post
810203542 rahami: New Course Offering
810201475 khousravi: New Course Offering
OK
