OK
OK
OK
OK
OK
OK
OK
OK
OK
OK
OK
OK
OK
OK
OK
OK
1 Advanced Programming 60 khousravi Saturday:14-16 1403/4/3 5
1 khousravi "next session"
khousravi Computer Engineering Professor Advanced Programming
2 TA form for Advanced Programming course
1 "start"
OK
