OK
OK
OK
OK
OK
OK
OK
OK
OK
OK
Not Found
Not Found
