OK
OK
OK
OK
OK
OK
OK
OK
OK
OK
1 Advanced Programming 60 khousravi Saturday:14-16 1403/4/3 5
1 khousravi "next session" "canceled"
1 Advanced Programming 60 khousravi Saturday:14-16 1403/4/3 5
2 khousravi "exam" "delay"
