OK
OK
OK
OK
OK
OK
OK
OK
OK
OK
OK
OK
OK
We have received 1 requests for the teaching assistant position
810101551 parisa 4: 
Not Found
OK
OK
1 Advanced Programming: Your request to be a teaching assistant has been accepted.
810201475 khousravi: New Course Offering
810201475 khousravi: New Course Offering
OK
