OK
OK
OK
OK
OK
OK
OK
OK
OK
OK
khousravi Computer Engineering Professor Advanced Programming,compiler
3 TA form for compiler course
2 TA form for Advanced Programming course
1 "start"
Not Found
OK
