OK
OK
OK
OK
OK
OK
OK
OK
OK
OK
OK
Permission Denied
OK
OK
Not Found
OK
