OK
OK
OK
OK
OK
OK
OK
OK
OK
OK
OK
OK
OK
We have received 1 requests for the teaching assistant position
810101456 ali 7: 
OK
OK
2 compiler: Your request to be a teaching assistant has been rejected.
810201475 khousravi: New Course Offering
810201475 khousravi: New Course Offering
OK
