OK
OK
OK
OK
OK
OK
OK
OK
OK
OK
khousravi Computer Engineering Professor Advanced Programming,compiler
3 TA form for compiler course
2 TA form for Advanced Programming course
1 "start"
OK
OK
OK
OK
OK
OK
We have received 1 requests for the teaching assistant position
810101551 parisa 4: 
Not Found
OK
OK
khousravi Computer Engineering Professor Advanced Programming,compiler
3 TA form for compiler course
1 "start"
Not Found
1 Advanced Programming: Your request to be a teaching assistant has been accepted.
810201475 khousravi: New Course Offering
810201475 khousravi: New Course Offering
OK
OK
We have received 1 requests for the teaching assistant position
810101456 ali 7: 
OK
OK
Not Found
2 compiler: Your request to be a teaching assistant has been rejected.
810201475 khousravi: New Course Offering
810201475 khousravi: New Course Offering
OK
