OK
OK
OK
OK
OK
OK
OK
OK
OK
OK
810203542 rahami: New Course Offering
810201475 khousravi: New Course Offering
