OK
OK
OK
OK
OK
OK
OK
OK
OK
khousravi Computer Engineering Professor Advanced Programming
2 "HW1"
1 "hi"
OK
1 Advanced Programming 60 khousravi Saturday:14-16 1403/4/3 5
1 khousravi "next session"
