OK
OK
OK
OK
OK
OK
OK
Permission Denied
OK
OK
khousravi Computer Engineering Professor Advanced Programming
OK
1 Advanced Programming 60 khousravi Saturday:14-16 1403/4/3 5
2 khousravi "exam"
1 khousravi "next session"
